┌ Salieri Tracker ─────────────────────────────────────────────────────────────────────────────────┐
│ [▷] [■] [●×] BPM:120 LPB:4 STOPPED PAT:01 ROW:0000/0004  Sync: Internal                          │
└──────────────────────────────────────────────────────────────────────────────────────────────────┘
┌ Tracks ──────────────────┐┌ Pattern Editor ──────────────────────────────────────────────────────┐
│  01 Drums       CH10 --  ││ROW             Drums                        Bass                     │
│> 02 Bass        CH01 --  ││ 00   --- -- -- -- -- -- --- ---  --- -- -- -- -- -- --- ---  --- -- -│
│  03 Lead        CH02 --  ││ 01   --- -- -- -- -- -- --- ---  --- -- -- -- -- -- --- ---  --- -- -│
│  04 Pad         CH03 --  ││ 02   --- -- -- -- -- -- --- ---  --- -- -- -- -- -- --- ---  --- -- -│
│                          ││ 03   --- -- -- -- -- -- --- ---  --- -- -- -- -- -- --- ---  --- -- -│
│                          ││ 04   --- -- -- -- -- -- --- ---  --- -- -- -- -- -- --- ---  --- -- -│
│                          ││ 05   --- -- -- -- -- -- --- ---  --- -- -- -- -- -- --- ---  --- -- -│
│                          ││ 06   --- -- -- -- -- -- --- ---  --- -- -- -- -- -- --- ---  --- -- -│
│                          ││ 07   --- -- -- -- -- -- --- ---  --- -- -- -- -- -- --- ---  --- -- -│
│                          ││ 08   --- -- -- -- -- -- --- ---  --- -- -- -- -- -- --- ---  --- -- -│
│                          ││ 09   --- -- -- -- -- -- --- ---  --- -- -- -- -- -- --- ---  --- -- -│
│                          ││ 10   --- -- -- -- -- -- --- ---  --- -- -- -- -- -- --- ---  --- -- -│
└──────────────────────────┘└──────────────────────────────────────────────────────────────────────┘
┌ Song Slots ──────────────┐┌ Track Desk ──────────────────────────────────────────────────────────┐
│  00 P01 Pattern 01       ││TRACK 02              MIXER                   CELL r04 VEL            │
│                          ││Name   Bass           Gain    +0.0 dB         Note --- Vel -- Inst -- │
│                          ││Inst   none           █████───── auto         Vol -- Pan -- Dly -- FX1│
│                          ││Samp none             Pan           C         --- FX2 ---             │
│                          ││CH01 Track ---        ─────●──── auto         :sample assign          │
│                          ││Audio --              Mst     +0.0 dB         :cell instrument 01     │
│                          ││Mst     +0.0 dB       █████───── auto         C-j Sampler  F9 Tracks  │
│                          ││█████───── auto       Sends 00   FX 00                                │
└──────────────────────────┘└──────────────────────────────────────────────────────────────────────┘
 NORMAL SEL | Step 1 | Ctrl+P Palette | H Help | Space Play/Stop | Enter Row | Shift+Enter Seq······
