┌ Salieri Tracker ─────────────────────────────────────────────────────────────────────────────────┐
│ BPM 120 | LPB 4 | Pattern 01 | Oct 4 | Row 04 | Play -- | Loop ON | Track 02 | Field VEL | NORMAL│
└──────────────────────────────────────────────────────────────────────────────────────────────────┘
┌ Tracks ──────────────────┐┌ Pattern Editor ──────────────────────────────────────────────────────┐
│  01 Drums       CH10 --  ││ROW             Drums                        Bass                     │
│> 02 Bass        CH01 --  ││ 00   --- -- -- -- -- -- --- --- --- -- -- -- -- -- --- --- --- -- -- │
│  03 Lead        CH02 --  ││ 01   --- -- -- -- -- -- --- --- --- -- -- -- -- -- --- --- --- -- -- │
│  04 Pad         CH03 --  ││ 02   --- -- -- -- -- -- --- --- --- -- -- -- -- -- --- --- --- -- -- │
│                          ││ 03   --- -- -- -- -- -- --- --- --- -- -- -- -- -- --- --- --- -- -- │
│                          ││ 04   --- -- -- -- -- -- --- --- --- -- -- -- -- -- --- --- --- -- -- │
│                          ││ 05   --- -- -- -- -- -- --- --- --- -- -- -- -- -- --- --- --- -- -- │
│                          ││ 06   --- -- -- -- -- -- --- --- --- -- -- -- -- -- --- --- --- -- -- │
│                          ││ 07   --- -- -- -- -- -- --- --- --- -- -- -- -- -- --- --- --- -- -- │
│                          ││ 08   --- -- -- -- -- -- --- --- --- -- -- -- -- -- --- --- --- -- -- │
│                          ││ 09   --- -- -- -- -- -- --- --- --- -- -- -- -- -- --- --- --- -- -- │
│                          ││ 10   --- -- -- -- -- -- --- --- --- -- -- -- -- -- --- --- --- -- -- │
└──────────────────────────┘└──────────────────────────────────────────────────────────────────────┘
┌ Sequence ────────────────┐┌ Track Desk ──────────────────────────────────────────────────────────┐
│  00 Pattern 01           ││TRACK 02              MIXER                   CELL r04 VEL            │
│                          ││Name   Bass           Gain    +0.0 dB         Note --- Vel -- Inst -- │
│                          ││Inst   none           █████───── auto         Vol -- Pan -- Dly -- FX1│
│                          ││Samp none             Pan           C         --- FX2 ---             │
│                          ││CH01 Track ---        ─────●──── auto         :sample assign          │
│                          ││Audio --              Mst     +0.0 dB         :cell instrument 01     │
│                          ││Mst     +0.0 dB       █████───── auto         C-j Sampler  F9 Tracks  │
│                          ││█████───── auto       Sends 00   FX 00                                │
└──────────────────────────┘└──────────────────────────────────────────────────────────────────────┘
 NORMAL SEL | Ctrl+P Palette | H Help | Focus :t/:p/:se/:tr/:sa/:sb/:o | F4-MIDI | Space Play/Stop |
