┌ Salieri Tracker ─────────────────────────────────────────────────────────────────────────────────┐
│ [▷] [■] [●]  BPM: 120  LPB: 4  Oct: 4  Vel: 100  Swing: 0%  Sync: Internal  |  CPU: 00.0%  |  STO│
└──────────────────────────────────────────────────────────────────────────────────────────────────┘
┌ Native DSP ──────────────────────────────────────────────────────────────────────────────────────┐
│DSP Rack  Track 01 Drums  |  Target: Track  |  Native audio DSP chain; tracker FX columns stay in │
└──────────────────────────────────────────────────────────────────────────────────────────────────┘
┌ Track 01: Drums ───────────────────────────────┐┌ Master ────────────────────────────────────────┐
│Empty chain  A add native DSP, :fx edits tracker││Empty chain  A add native DSP, :fx edits tracker│
│cell FX                                         ││cell FX                                         │
│                                                ││                                                │
│                                                ││                                                │
│                                                ││                                                │
│                                                ││                                                │
│                                                ││                                                │
│                                                ││                                                │
│                                                ││                                                │
└────────────────────────────────────────────────┘└────────────────────────────────────────────────┘
┌ Parameters ──────────────────────────────────────────────────────────────────────────────────────┐
│Select or add a DSP device  A Add Device                                                          │
│                                                                                                  │
│                                                                                                  │
│                                                                                                  │
│                                                                                                  │
│                                                                                                  │
│                                                                                                  │
│                                                                                                  │
└──────────────────────────────────────────────────────────────────────────────────────────────────┘
 DSP | H Help | Esc Pattern | Tab Track/Master | Up/Down Device | [/]/Left/Right Param | A Add | P/R
