┌ Salieri Tracker ─────────────────────────────────────────────────────────────────────────────────┐
│ [▷] [■] [●]  BPM: 120  LPB: 4  Oct: 4  Vel: 100  Swing: 0%  Sync: Internal  |  CPU: 00.0%  |  STO│
└──────────────────────────────────────────────────────────────────────────────────────────────────┘
┌ Native DSP ──────────────────────────────────────────────────────────────────────────────────────┐
│DSP Rack  Target: [Track] [Master]  |  Track 01 Drums  |  Native audio DSP chain; tracker FX colum│
└──────────────────────────────────────────────────────────────────────────────────────────────────┘
┌ Track 01: Drums ───────────────────────────────┐┌ Master ────────────────────────────────────────┐
│ ┌ Add DSP Device -> Master ────────────────────────────────────┐                                 │
│ │ 01 Gain         utility level                                │DSP; :fx edits tracker cell FX   │
│ │ 02 Pan          left/right placement                         │                                 │
│ │>03 Filter       multimode filter                             │                                 │
│ │ 04 Reverb       room/space                                   │                                 │
│ └──────────────────────────────────────────────────────────────┘                                 │
│                                                ││                                                │
│                                                ││                                                │
│                                                ││                                                │
└────────────────────────────────────────────────┘└────────────────────────────────────────────────┘
┌ Parameters ──────────────────────────────────────────────────────────────────────────────────────┐
│Select or add a DSP device  A Add Device                                                          │
│                                                                                                  │
│                                                                                                  │
│                                                                                                  │
│                                                                                                  │
│                                                                                                  │
│                                                                                                  │
│                                                                                                  │
└──────────────────────────────────────────────────────────────────────────────────────────────────┘
 DSP | H Help | Esc Pattern | Tab Track/Master | Up/Down Device | [/]/Left/Right Param | A Add | P/R
