┌ Salieri Tracker ─────────────────────────────────────────────────────────────────────────────────┐
│ [▷] [■] [●]  BPM: 120  LPB: 4  Oct: 4  Vel: 100  Swing: 0%  Sync: Internal  |  CPU: 00.0%  |  STO│
└──────────────────────────────────────────────────────────────────────────────────────────────────┘
┌ Native DSP ──────────────────────────────────────────────────────────────────────────────────────┐
│DSP Rack  Track 01 Drums  |  Target: Track  |  Tab Target  Up/Down Select  :dsp Add/Edit          │
└──────────────────────────────────────────────────────────────────────────────────────────────────┘
┌ Track 01: Drums ───────────────────────────────┐┌ Master ────────────────────────────────────────┐
│Empty chain  use :dsp ...                       ││Empty chain  use :dsp ...                       │
│                                                ││                                                │
│                                                ││                                                │
│                                                ││                                                │
│                                                ││                                                │
│                                                ││                                                │
│                                                ││                                                │
│                                                ││                                                │
│                                                ││                                                │
└────────────────────────────────────────────────┘└────────────────────────────────────────────────┘
┌ Parameters ──────────────────────────────────────────────────────────────────────────────────────┐
│Select or add a DSP device  A Add Device                                                          │
│                                                                                                  │
│                                                                                                  │
│                                                                                                  │
│                                                                                                  │
│                                                                                                  │
│                                                                                                  │
│                                                                                                  │
└──────────────────────────────────────────────────────────────────────────────────────────────────┘
 DSP | H Help | Esc Pattern | Tab Track/Master | Up/Down Device | [/]/Left/Right Param | A Add | P/R
