┌ Salieri Tracker ─────────────────────────────────────────────────────────────────────────────────┐
│ [▷] [■]  BPM: 120  LPB: 4  STOPPED  PAT: 01  ROW: 0000/0000  Sync: Internal  MIDI Disconnected   │
└──────────────────────────────────────────────────────────────────────────────────────────────────┘
┌ Native DSP ──────────────────────────────────────────────────────────────────────────────────────┐
│DSP Rack  Target: [Track] [Master]  |  Track 01 Drums  |  Native audio DSP chain; tracker FX colum│
└──────────────────────────────────────────────────────────────────────────────────────────────────┘
┌ Track 01: Drums ───────────────────────────────┐┌ Master ────────────────────────────────────────┐
│ 01 Gain         on  gain=0.50                  ││ 01 Reverb       on  size=0.50 pre=20ms decay=2 │
│>02 Delay        on  free L=250 R=500 fb=0.35 m ││                                                │
│                                                ││                                                │
│                                                ││                                                │
│                                                ││                                                │
│                                                ││                                                │
│                                                ││                                                │
│                                                ││                                                │
│                                                ││                                                │
└────────────────────────────────────────────────┘└────────────────────────────────────────────────┘
┌ Parameters: Track 01 02 Delay ───────────────────────────────────────────────────────────────────┐
│>01 Sync                 off ·················· auto row: chain                                   │
│ 02 L Time       250000.0 ms ████████████────── auto                                              │
│ 03 R Time       500000.0 ms █████████████───── auto                                              │
│ 04 Fbk                  35% ███████─────────── auto                                              │
│ 05 Ping                  on ·················· auto                                              │
│ 06 Mix                  25% █████───────────── auto                                              │
│P lock current value   R reset row   C clear row   [/] select   Left/Right adjust                 │
│                                                                                                  │
└──────────────────────────────────────────────────────────────────────────────────────────────────┘
 DSP | H Help | Esc Pattern | Tab Track/Master | Up/Down Device | [/]/Left/Right Param | A Add | P/R
