┌ Salieri Tracker ─────────────────────────────────────┐
│ [▷] [■] [●]  BPM: 120  LPB: 4  Oct: 4  Vel: 100  Swin│
└──────────────────────────────────────────────────────┘
┌ Pattern Editor ──────────────────────────────────────┐
│ROW  TrackTrackTrackTrackTrackTrackTrackTrackTrackTrac│
│ 00   ---  ---  ---  ---  ---  ---  ---  ---  ---  ---│
│ 01   ---  ---  ---  ---  ---  ---  ---  ---  ---  ---│
│ 02   ---  ---  ---  ---  ---  ---  ---  ---  ---  ---│
│ 03   ---  ---  ---  ---  ---  ---  ---  ---  ---  ---│
│ 04   ---  ---  ---  G-4  ---  ---  ---  ---  ---  ---│
│ 05   ---  ---  ---  ---  ---  ---  ---  ---  ---  ---│
│ 06   ---  ---  ---  ---  ---  ---  ---  ---  ---  ---│
│ 07   ---  ---  ---  ---  ---  ---  ---  ---  ---  ---│
│ 08   ---  ---  ---  ---  ---  ---  ---  ---  ---  ---│
│ 09   ---  ---  ---  ---  ---  ---  ---  ---  ---  ---│
│ 10   ---  ---  ---  ---  ---  ---  ---  ---  ---  ---│
└──────────────────────────────────────────────────────┘
 NORMAL | Step 1 | Fields note | Ctrl+P Palette | H Help
