┌ Salieri Tracker ─────────────────────────────────────────────────────────────────────────────────────────────────────┐
│ [▷] [■] [●]  BPM: 120  LPB: 4  Oct: 4  Vel: 100  Swing: 0%  Sync: Internal  |  CPU: 00.0%  |  STOPPED  |  PAT: 01  LI│
└──────────────────────────────────────────────────────────────────────────────────────────────────────────────────────┘
┌─────┌ Help: Basics | Tab/Shift+Tab pages ──────────────────────────────────────────────────────────────────────┐─────┐
│-18dB│ Basics  |  Editing  |  Sampler  |  MIDI  |  Commands                                                     │     │
│-36dB│  Tab/Right next page   Shift+Tab/Left previous page   Up/Down scroll                                     │7 8  │
└─────│                                                                                                          │─────┘
┌ UTIL│Global                                                                                                    │─────┐
│UTIL │  Ctrl+P Command Palette   ?/H Help   :h/:help Help   q Quit   Space Play/Stop                            │     │
│     │  Shift+Space Start                                                                                       │     │
│BPM  │  Enter Play Row   Shift+Enter Play Sequence From Cursor   L Loop   F8 Stop                               │     │
│LPB  │  F7 Sequence View   F9 Track View   F10 Pattern View   Ctrl+J Sampler View                               │     │
│OCT  │  :t Tracker   :p Patterns   :se Sequence   :tr Tracks   :sa Sampler   :sb Browser                        │     │
│--   │  Esc returns from focused views                                                                          │     │
│     │  :play pattern from start   :play sequence arrangement                                                   │     │
│Follo│  Ctrl+S Save   Ctrl+Shift+S Save As   Ctrl+Z Undo   Ctrl+Y Redo   Ctrl+Arrows BPM/LPB                    │     │
│  Pat│                                                                                                          │     │
│Scrol│Navigation                                                                                                │     │
│  Pag│  Arrows or h/j/k/l move   Tab/Shift+Tab track   PageUp/PageDown jump                                     │     │
│     │  Home/End pattern bounds   gg first row   G last row                                                     │     │
│Edit │                                                                                                          │     │
│     │Mode: HELP   Close: Esc, q, or ?                                                                          │     │
│     │                                                                                                          │     │
│     │                                                                                                          │     │
│     │                                                                                                          │     │
│     │                                                                                                          │     │
│     │                                                                                                          │     │
└─────│                                                                                                          │─────┘
┌ Effe│                                                                                                          │─────┐
│#  Ef│                                                                                                          │     │
│01 --│                                                                                                          │     │
│02 --│                                                                                                          │     │
│03 --└──────────────────────────────────────────────────────────────────────────────────────────────────────────┘     │
│04 --                      ││Width    ██████────── +1.00    ││-48      -3.4 dB  -3.1││05 --                           │
└───────────────────────────┘└───────────────────────────────┘└──────────────────────┘└────────────────────────────────┘
 HELP | Step 1 | Ctrl+P Palette | H Help | Focus :t/:p/:se/:tr/:sa/:sb/:o | F4-MIDI | Space Play/Stop | Enter Row | Shif
