┌ Salieri Tracker ─────────────────────────────────────────────────────────────────────────────────┐
│ BPM 120 | LPB 4 | Pattern 01 | Oct 4 | Step 1 | Row 00 | Play -- | Loop ON | Track 01 | Field NOT│
└──────────────────────────────────────────────────────────────────────────────────────────────────┘
┌ Tracks ──────────────────┐┌ Pattern Editor ──────────────────────────────────────────────────────┐
│> 01 Drums       CH10 --  ││ROW             Drums                        Bass                     │
│  02 Bass  ┌ MIDI Settings ───────────────────────────────────────────────────────────┐ --- -- -- │
│  03 Lead  │Output Ports                                                              │ --- -- -- │
│  04 Pad   │Status: MIDI Disconnected                                                 │ --- -- -- │
│           │                                                                          │ --- -- -- │
│           │00 IAC Driver Bus 1                                                       │ --- -- -- │
│           │> 02 External Synth                                                       │ --- -- -- │
│           │                                                                          │ --- -- -- │
│           │Enter connect selected   d disconnect   p panic/all notes off             │ --- -- -- │
│           │F5/r refresh ports   Esc/q close                                          │ --- -- -- │
│           │                                                                          │ --- -- -- │
│           │                                                                          │ --- -- -- │
└───────────│                                                                          │───────────┘
┌ Song Slots│                                                                          │───────────┐
│  00 P01 Pa│                                                                          │           │
│           │                                                                          │-- Inst -- │
│           │                                                                          │ Dly -- FX1│
│           │                                                                          │           │
│           └──────────────────────────────────────────────────────────────────────────┘n          │
│                          ││Audio --              Mst     +0.0 dB         :cell instrument 01     │
│                          ││Mst     +0.0 dB       █████───── auto         C-j Sampler  F9 Tracks  │
│                          ││█████───── auto       Sends 00   FX 00                                │
└──────────────────────────┘└──────────────────────────────────────────────────────────────────────┘
 MIDI | Step 1 | Ctrl+P Palette | H Help | Focus :t/:p/:se/:tr/:sa/:sb/:o | F4-MIDI | Space Play/Sto
