┌ Salieri Tracker ─────────────────────────────────────────────────────────────────────────────────┐
│ BPM 120 | LPB 4 | Pattern 01 | Oct 4 | Row 00 | Play -- | Loop ON | Track 01 | Field NOTE | MIDI │
└──────────────────────────────────────────────────────────────────────────────────────────────────┘
┌ Pattern Editor ───────────────────────────────────────────────────────┐┌ Tracks ─────────────────┐
│ROW          Drums                Bass                 Lead            ││> 01 Drums       CH10 -- │
│ 00   --- -┌ MIDI Settings ───────────────────────────────────────────────────────────┐   CH01 -- │
│ 01   --- -│Output Ports                                                              │   CH02 -- │
│ 02   --- -│Status: MIDI Disconnected                                                 │   CH03 -- │
│ 03   --- -│                                                                          │           │
│ 04   --- -│00 IAC Driver Bus 1                                                       │           │
│ 05   --- -│> 02 External Synth                                                       │           │
│ 06   --- -│                                                                          │           │
│ 07   --- -│Enter connect selected   d disconnect   p panic/all notes off             │           │
│ 08   --- -│F5/r refresh ports   Esc/q close                                          │           │
│ 09   --- -│                                                                          │───────────┘
│ 10   --- -│                                                                          │───────────┐
│ 11   --- -│                                                                          │1          │
│ 12   --- -│                                                                          │           │
│ 13   --- -│                                                                          │           │
│ 14   --- -│                                                                          │           │
│ 15   --- -│                                                                          │           │
│ 16   --- -│                                                                          │           │
│ 17   --- -└──────────────────────────────────────────────────────────────────────────┘           │
│ 18   --- -- -- -- -- -- --- --- -- -- -- -- -- --- --- -- -- -- -- -- ││                         │
│ 19   --- -- -- -- -- -- --- --- -- -- -- -- -- --- --- -- -- -- -- -- ││                         │
│ 20   --- -- -- -- -- -- --- --- -- -- -- -- -- --- --- -- -- -- -- -- ││                         │
└───────────────────────────────────────────────────────────────────────┘└─────────────────────────┘
 MIDI | H Help | Focus :t/:p/:se/:tr/:sa/:sb/:o | F4 MIDI | Space Play/Stop | Enter Row | Shift+Ente
