┌ Salieri Tracker ─────────────────────────────────────────────────────────────────────────────────┐
│ BPM 120 | LPB 4 | Pattern 01 | Oct 4 | Row 00 | Play -- | Loop ON | Track 01 | Field NOTE | MIDI │
└──────────────────────────────────────────────────────────────────────────────────────────────────┘
┌ Tracks ──────────────────┐┌ Pattern Editor ──────────────────────────────────────────────────────┐
│> 01 Drums       CH10 --  ││ROW          Drums                Bass                 Lead           │
│  02 Bass  ┌ MIDI Settings ───────────────────────────────────────────────────────────┐-- -- -- --│
│  03 Lead  │Output Ports                                                              │-- -- -- --│
│  04 Pad   │Status: MIDI Disconnected                                                 │-- -- -- --│
│           │                                                                          │-- -- -- --│
│           │00 IAC Driver Bus 1                                                       │-- -- -- --│
│           │> 02 External Synth                                                       │-- -- -- --│
│           │                                                                          │-- -- -- --│
│           │Enter connect selected   d disconnect   p panic/all notes off             │-- -- -- --│
│           │F5/r refresh ports   Esc/q close                                          │-- -- -- --│
│           │                                                                          │-- -- -- --│
│           │                                                                          │-- -- -- --│
└───────────│                                                                          │───────────┘
┌ Sequence ─│                                                                          │───────────┐
│  00 Patter│                                                                          │           │
│           │                                                                          │-- Inst -- │
│           │                                                                          │ Dly -- FX │
│           │                                                                          │           │
│           └──────────────────────────────────────────────────────────────────────────┘n          │
│                          ││Audio --              Mst     +0.0 dB         :cell instrument 01     │
│                          ││Mst     +0.0 dB       █████───── auto         C-j Sampler  F9 Tracks  │
│                          ││█████───── auto       Sends 00   FX 00                                │
└──────────────────────────┘└──────────────────────────────────────────────────────────────────────┘
 MIDI | Ctrl+P Palette | H Help | Focus :t/:p/:se/:tr/:sa/:sb/:o | F4-MIDI | Space Play/Stop | Enter
