┌ Salieri Tracker ─────────────────────────────────────┐
│ [▷] [■] [●]  BPM: 120  LPB: 4  Oct: 4  Vel: 100  Swin│
└──────────────────────────────────────────────────────┘
┌ Pattern Editor ──────────────────────────────────────┐
│ROW            Track 03                    Track 04   │
│ 00   --- -- -- -- -- -- --- --- --- -- -- -- -- -- --│
│ 01   --- -- -- -- -- -- --- --- --- -- -- -- -- -- --│
│ 02   --- -- -- -- -- -- --- --- --- -- -- -- -- -- --│
│ 03   --- -- -- -- -- -- --- --- --- -- -- -- -- -- --│
│ 04   --- -- -- -- -- -- --- --- G-4 64 -- -- -- -- --│
│ 05   --- -- -- -- -- -- --- --- --- -- -- -- -- -- --│
│ 06   --- -- -- -- -- -- --- --- --- -- -- -- -- -- --│
│ 07   --- -- -- -- -- -- --- --- --- -- -- -- -- -- --│
│ 08   --- -- -- -- -- -- --- --- --- -- -- -- -- -- --│
│ 09   --- -- -- -- -- -- --- --- --- -- -- -- -- -- --│
│ 10   --- -- -- -- -- -- --- --- --- -- -- -- -- -- --│
└──────────────────────────────────────────────────────┘
 NORMAL SEL | Step 1 | Ctrl+P Palette | H Help | Focus :
