┌ Salieri Tracker ─────────────────────────────────────────────────────┐
│ [▷] [■] [●]  BPM: 120  LPB: 4  Oct: 4  Vel: 100  Swing: 0%  Sync: Int│
└──────────────────────────────────────────────────────────────────────┘
┌ Pattern Manager ─────────────────────────────────────────────────────┐
│PAT  NAME                       ROWS                                  │
│01  Pattern 01                 64                                     │
│>02  Pattern 02                128                                    │
│                                                                      │
│N new   P duplicate   r rename   X/Delete remove   F6 custom length   │
│1/2/3/4/5 length 16/32/64/128/256   Esc pattern editor                │
│                                                                      │
│                                                                      │
│                                                                      │
│                                                                      │
│                                                                      │
│                                                                      │
│                                                                      │
│                                                                      │
│                                                                      │
│                                                                      │
│                                                                      │
│                                                                      │
└──────────────────────────────────────────────────────────────────────┘
 PATTERNS | H Help | Esc Pattern | N New | P Duplicate | r Rename | X/De
