┌ Salieri Tracker ─────────────────────────────────────────────────────────────────────────────────┐
│ [▶] [■]  BPM: 120  LPB: 4  PLAYING  PAT: 01  ROW: 0003/0001  Sync: Internal  MIDI Connected 0    │
└──────────────────────────────────────────────────────────────────────────────────────────────────┘
┌ Tracks ──────────────────┐┌ Pattern Editor ──────────────────────────────────────────────────────┐
│  01 Drums       CH10 --  ││ROW             Drums                        Bass                     │
│  02 Bass        CH01 --  ││ 00   C-2 7F -- -- -- -- --- ---  C-3 64 -- -- -- -- --- ---  --- -- -│
│> 03 Lead        CH02 --  ││ 01   --- -- -- -- -- -- --- ---  --- -- -- -- -- -- --- ---  E-4 50 -│
│  04 Pad         CH03 --  ││ 02   --- -- -- -- -- -- --- ---  --- -- -- -- -- -- --- ---  --- -- -│
│                          ││>03   --- -- -- -- -- -- --- ---  OFF -- -- -- -- -- --- ---  --- -- -│
│                          ││ 04   --- -- -- -- -- -- --- ---  --- -- -- -- -- -- --- ---  --- -- -│
│                          ││ 05   --- -- -- -- -- -- --- ---  --- -- -- -- -- -- --- ---  --- -- -│
│                          ││ 06   --- -- -- -- -- -- --- ---  --- -- -- -- -- -- --- ---  --- -- -│
│                          ││ 07   --- -- -- -- -- -- --- ---  --- -- -- -- -- -- --- ---  --- -- -│
│                          ││ 08   --- -- -- -- -- -- --- ---  --- -- -- -- -- -- --- ---  --- -- -│
│                          ││ 09   --- -- -- -- -- -- --- ---  --- -- -- -- -- -- --- ---  --- -- -│
│                          ││ 10   --- -- -- -- -- -- --- ---  --- -- -- -- -- -- --- ---  --- -- -│
└──────────────────────────┘└──────────────────────────────────────────────────────────────────────┘
┌ Song Slots ──────────────┐┌ Track Desk ──────────────────────────────────────────────────────────┐
│> 00 P01 Pattern 01       ││TRACK 03              MIXER                   CELL r01 NOTE           │
│                          ││Name   Lead           Gain    +0.0 dB         Note E-4 Vel 50 Inst -- │
│                          ││Inst   none           █████───── auto         Vol -- Pan -- Dly -- FX1│
│                          ││Samp none             Pan           C         --- FX2 ---             │
│                          ││CH02 Track ---        ─────●──── auto         :sample assign          │
│                          ││Audio --              Mst     +0.0 dB         :cell instrument 01     │
│                          ││Mst     +0.0 dB       █████───── auto         C-j Sampler  F9 Tracks  │
│                          ││█████───── auto       Sends 00   FX 00                                │
└──────────────────────────┘└──────────────────────────────────────────────────────────────────────┘
 NORMAL | Step 1 | Ctrl+P Palette | H Help | Focus :t/:p/:se/:tr/:sa/:sb/:o | F4-MIDI | Space Play/S
