┌ Salieri Tracker ─────────────────────────────────────────────────────────────────────────────────────────────────────────────────────────┐
│ [▶] [■] [●×] BPM:120 LPB:4 Oct:4 V:100 Sw:0% Syn:Int CPU0% PLAYING PAT:01 ROW:0004/0004 MIDI Connected 0 ORD:00 LOOP:ON TRK:04 FLD:INST  │
└──────────────────────────────────────────────────────────────────────────────────────────────────────────────────────────────────────────┘
┌──────────────────────────────────────────────────────────────────────────────────────────┐┌──────────────────────┐┌──────────────────────┐
│-18dB       50       100       200       500       1K       2K       5K       10K         ││+L        ╲      +R   ││MIDI MAP×             │
│-36dB   · · · · · · · · · · · · · · · · · · · · · · · · · · · · ·                         ││     ╲    ╱           ││ 1 2 3 4 5 6 7 8      │
└──────────────────────────────────────────────────────────────────────────────────────────┘└──────────────────────┘└──────────────────────┘
┌ UTIL ───────┐┌ Pattern Editor: Pattern 01 | rows=96 | tracks=8 ────────────────────────────────────┐┌ Instrument Properties ─────────────┐
│UTIL         ││       Track 01    Track 02    Track 03    Track 04    Track 05    Track 06          ││ Songs  Instr.  Samples  Other×     │
│             ││     Note Ins FX Note Ins FX Note Ins FX Note Ins FX Note Ins FX Note Ins FX         ││                                    │
│BPM       120││ 0000 --- 00 --   --- 00 --   --- 00 --   --- 00 --   --- 00 --   --- 00 --   0000   ││Name      Untitled                  │
│LPB       4  ││ 0001 --- 00 --   --- 00 --   --- 00 --   --- 00 --   --- 00 --   --- 00 --   0001   ││Path      ~/Music/DemoSong/         │
│OCT       4  ││ 0002 --- 00 --   --- 00 --   --- 00 --   --- 00 --   --- 00 --   --- 00 --   0002   ││Format    Renoise Song              │
│--   --      ││ 0003 --- 00 --   --- 00 --   --- 00 --   --- 00 --   --- 00 --   --- 00 --   0003   ││Time Base Beats                     │
│             ││>0004 --- 00 --   --- 00 --   --- 00 --   G-4 00 --   --- 00 --   --- 00 --  >0004   ││Speed     6x                        │
│Follow       ││ 0005 --- 00 --   --- 00 --   --- 00 --   --- 00 --   --- 00 --   --- 00 --   0005   ││Edit Mode Pattern                   │
│  Pattern    ││ 0006 --- 00 --   --- 00 --   --- 00 --   --- 00 --   --- 00 --   --- 00 --   0006   ││Cell      G-4 64 00 00 00 00 --     │
│Scroll       ││ 0007 --- 00 --   --- 00 --   --- 00 --   --- 00 --   --- 00 --   --- 00 --   0007   ││                                    │
│  Page       ││ 0008 --- 00 --   --- 00 --   --- 00 --   --- 00 --   --- 00 --   --- 00 --   0008   ││BROWSER                             │
│             ││ 0009 --- 00 --   --- 00 --   --- 00 --   --- 00 --   --- 00 --   --- 00 --   0009   ││~/Music/DemoSong/                   │
│Edit Step 1  ││ 0010 --- 00 --   --- 00 --   --- 00 --   --- 00 --   --- 00 --   --- 00 --   0010   ││▾ Samples                           │
│             ││ 0011 --- 00 --   --- 00 --   --- 00 --   --- 00 --   --- 00 --   --- 00 --   0011   ││▾ Songs                             │
│             ││ 0012 --- 00 --   --- 00 --   --- 00 --   --- 00 --   --- 00 --   --- 00 --   0012   ││  ▹ Pattern 01                      │
│             ││ 0013 --- 00 --   --- 00 --   --- 00 --   --- 00 --   --- 00 --   --- 00 --   0013   ││                                    │
│             ││ 0014 --- 00 --   --- 00 --   --- 00 --   --- 00 --   --- 00 --   --- 00 --   0014   ││                                    │
│             ││ 0015 --- 00 --   --- 00 --   --- 00 --   --- 00 --   --- 00 --   --- 00 --   0015   ││                                    │
│             ││ 0016 --- 00 --   --- 00 --   --- 00 --   --- 00 --   --- 00 --   --- 00 --   0016   ││                                    │
└─────────────┘└─────────────────────────────────────────────────────────────────────────────────────┘└────────────────────────────────────┘
┌ Effects (Track) ───────────────┐┌ Track Mixer ────────────────────────┐┌ VU / Levels ─────────────┐┌ Device Chain ───────────────────────┐
│#  Effect                       ││Name      Track 04                   ││        L        R      Pe││01 --                                │
│01 --                           ││Routing   Master                     ││  0 │        │     -1.2 dB││02 --                                │
│02 --                           ││Panning  ██████────── +0.00          ││ -6 ████████░░            ││03 --                                │
│03 --                           ││Volume   ██████────── +1.00          ││-12 ████████░░            ││04 --                                │
│04 --                           ││Width    ██████────── +1.00          ││-48      -3.4 dB  -3.1 dB ││05 --                                │
└────────────────────────────────┘└─────────────────────────────────────┘└──────────────────────────┘└─────────────────────────────────────┘
 NORMAL SEL | Step 1 | Ctrl+P Palette | H Help | Space Play/Stop | Enter Row | Shift+Enter Seq | L Loop | N/P/X Pattern | A/Y/R Seq·········
