┌ Salieri Tracker ─────────────────────────────────────────────────────────────────────────────────────────────────────────────────────────┐
│ BPM 120 | LPB 4 | Pattern 01 | Oct 4 | Row 00 | Play -- | Loop ON | Track 01 | Field NOTE | NORMAL | STOP | MIDI Disconnected            │
└──────────────────────────────────────────────────────────────────────────────────────────────────────────────────────────────────────────┘
┌ Tracks ─────────────────┐┌ Pattern Editor ───────────────────────────────────────────────────────────────────────────────────────────────┐
│> 01 Drums       CH10 -- ││ROW    Drums      Bass      Lead      Pad                                                                      │
│  02 Bass        CH01 -- ││ 00   --- --    --- --    --- --    --- --                                                                     │
│  03 Lead        CH02 -- ││ 01   --- --    --- --    --- --    --- --                                                                     │
│  04 Pad         CH03 -- ││ 02   --- --    --- --    --- --    --- --                                                                     │
│                         ││ 03   --- --    --- --    --- --    --- --                                                                     │
│                         ││ 04   --- --    --- --    --- --    --- --                                                                     │
│                         ││ 05   --- --    --- --    --- --    --- --                                                                     │
│                         ││ 06   --- --    --- --    --- --    --- --                                                                     │
│                         ││ 07   --- --    --- --    --- --    --- --                                                                     │
│                         ││ 08   --- --    --- --    --- --    --- --                                                                     │
│                         ││ 09   --- --    --- --    --- --    --- --                                                                     │
│                         ││ 10   --- --    --- --    --- --    --- --                                                                     │
│                         ││ 11   --- --    --- --    --- --    --- --                                                                     │
│                         ││ 12   --- --    --- --    --- --    --- --                                                                     │
│                         ││ 13   --- --    --- --    --- --    --- --                                                                     │
└─────────────────────────┘│ 14   --- --    --- --    --- --    --- --                                                                     │
┌ Sequence ───────────────┐│ 15   --- --    --- --    --- --    --- --                                                                     │
│  00 Pattern 01          ││ 16   --- --    --- --    --- --    --- --                                                                     │
│                         ││ 17   --- --    --- --    --- --    --- --                                                                     │
│                         ││ 18   --- --    --- --    --- --    --- --                                                                     │
│                         ││ 19   --- --    --- --    --- --    --- --                                                                     │
│                         ││ 20   --- --    --- --    --- --    --- --                                                                     │
│                         ││ 21   --- --    --- --    --- --    --- --                                                                     │
│                         ││ 22   --- --    --- --    --- --    --- --                                                                     │
│                         ││ 23   --- --    --- --    --- --    --- --                                                                     │
│                         ││ 24   --- --    --- --    --- --    --- --                                                                     │
└─────────────────────────┘└───────────────────────────────────────────────────────────────────────────────────────────────────────────────┘
 NORMAL | H Help | F4 MIDI | F7 Sequence | F9 Tracks | F10 Patterns | Space Play/Stop | Enter Row | Shift+Enter Seq | L Loop | N/P/X Pattern
