┌ Salieri Tracker ─────────────────────────────────────────────────────┐
│ BPM 120 | LPB 4 | Pattern 01 | Oct 4 | Row 00 | Play -- | Loop ON | T│
└──────────────────────────────────────────────────────────────────────┘
┌ Pattern Editor ──────────────────────────────────────────────────────┐
│ROW          Drums                Bass                 Lead           │
│ 00   --- -- -- -- -- -- --- --- -- -- -- -- -- --- --- -- -- -- -- --│
│ 01   --- -- -- -- -- -- --- --- -- -- -- -- -- --- --- -- -- -- -- --│
│ 02   --- -- -- -- -- -- --- --- -- -- -- -- -- --- --- -- -- -- -- --│
│ 03   --- -- -- -- -- -- --- --- -- -- -- -- -- --- --- -- -- -- -- --│
│ 04   --- -- -- -- -- -- --- --- -- -- -- -- -- --- --- -- -- -- -- --│
│ 05   --- -- -- -- -- -- --- --- -- -- -- -- -- --- --- -- -- -- -- --│
│ 06   --- -- -- -- -- -- --- --- -- -- -- -- -- --- --- -- -- -- -- --│
│ 07   --- -- -- -- -- -- --- --- -- -- -- -- -- --- --- -- -- -- -- --│
│ 08   --- -- -- -- -- -- --- --- -- -- -- -- -- --- --- -- -- -- -- --│
│ 09   --- -- -- -- -- -- --- --- -- -- -- -- -- --- --- -- -- -- -- --│
│ 10   --- -- -- -- -- -- --- --- -- -- -- -- -- --- --- -- -- -- -- --│
│ 11   --- -- -- -- -- -- --- --- -- -- -- -- -- --- --- -- -- -- -- --│
│ 12   --- -- -- -- -- -- --- --- -- -- -- -- -- --- --- -- -- -- -- --│
│ 13   --- -- -- -- -- -- --- --- -- -- -- -- -- --- --- -- -- -- -- --│
│ 14   --- -- -- -- -- -- --- --- -- -- -- -- -- --- --- -- -- -- -- --│
│ 15   --- -- -- -- -- -- --- --- -- -- -- -- -- --- --- -- -- -- -- --│
│ 16   --- -- -- -- -- -- --- --- -- -- -- -- -- --- --- -- -- -- -- --│
└──────────────────────────────────────────────────────────────────────┘
 NORMAL | H Help | Focus :t/:p/:se/:tr/:sa/:sb/:o | F4 MIDI | Space Play
