┌ Salieri Tracker ─────────────────────────────────────────────────────────────┐
│ [▷] [■]  BPM: 120  LPB: 4  STOPPED  PAT: 01  ROW: 0000/0000  Sync: Internal  │
└──────────────────────────────────────────────────────────────────────────────┘
┌ Tracks ──────────────────┐┌ Pattern Editor ──────────────────────────────────┐
│> 01 Drums       CH10 --  ││ROW             Drums                        Bass │
│  02 Bass        CH01 --  ││ 00   --- -- -- -- -- -- --- ---  --- -- -- -- -- │
│  03 Lead        CH02 --  ││ 01   --- -- -- -- -- -- --- ---  --- -- -- -- -- │
│  04 Pad         CH03 --  ││ 02   --- -- -- -- -- -- --- ---  --- -- -- -- -- │
│                          ││ 03   --- -- -- -- -- -- --- ---  --- -- -- -- -- │
│                          ││ 04   --- -- -- -- -- -- --- ---  --- -- -- -- -- │
│                          ││ 05   --- -- -- -- -- -- --- ---  --- -- -- -- -- │
│                          ││ 06   --- -- -- -- -- -- --- ---  --- -- -- -- -- │
│                          │└──────────────────────────────────────────────────┘
│                          │┌ Track Desk ──────────────────────────────────────┐
└──────────────────────────┘│TRACK 01     MIXER        CELL r00 NOTE           │
┌ Song Slots ──────────────┐│Name   Drums Gain    +0.0 Note --- Vel -- Inst -- │
│  00 P01 Pattern 01       ││Inst   none  dB █████─────Vol -- Pan -- Dly -- FX1│
│                          ││Samp none    auto         --- FX2 ---             │
│                          ││CH10 Track   Pan          :sample assign          │
│                          ││--R          C ─────●──── :cell instrument 01     │
│                          ││Audio --     auto         C-j Sampler  F9 Tracks  │
│                          ││Mst     +0.0 Mst     +0.0                         │
└──────────────────────────┘└──────────────────────────────────────────────────┘
 NORMAL | Step 1 | Ctrl+P Palette | H Help | Focus :t/:p/:se/:tr/:sa/:sb/:o | F4
