┌ Salieri Tracker ─────────────────────────────────────────────────────────────────────────────────────────────────────────────────────────┐
│ [▷] [■] [●]  BPM: 120  LPB: 4  Oct: 4  Vel: 100  Swing: 0%  Sync: Internal  |  CPU: 00.0%  |  STOPPED  |  PAT: 01  LINE: 0000/0000  |  MI│
└──────────────────────────────────────────────────────────────────────────────────────────────────────────────────────────────────────────┘
┌ Tracks ──────────────────┐┌ Pattern Editor ──────────────────────────────────────────────────────────────────────────────────────────────┐
│> 01 Drums       CH10 --  ││ROW             Drums                        Bass                        Lead                        Pad      │
│  02 Bass        CH01 --  ││ 00   --- -- -- -- -- -- --- --- --- -- -- -- -- -- --- --- --- -- -- -- -- -- --- --- --- -- -- -- -- -- --- │
│  03 Lead        CH02 --  ││ 01   --- -- -- -- -- -- --- --- --- -- -- -- -- -- --- --- --- -- -- -- -- -- --- --- --- -- -- -- -- -- --- │
│  04 Pad         CH03 --  ││ 02   --- -- -- -- -- -- --- --- --- -- -- -- -- -- --- --- --- -- -- -- -- -- --- --- --- -- -- -- -- -- --- │
│                          ││ 03   --- -- -- -- -- -- --- --- --- -- -- -- -- -- --- --- --- -- -- -- -- -- --- --- --- -- -- -- -- -- --- │
│                          ││ 04   --- -- -- -- -- -- --- --- --- -- -- -- -- -- --- --- --- -- -- -- -- -- --- --- --- -- -- -- -- -- --- │
│                          ││ 05   --- -- -- -- -- -- --- --- --- -- -- -- -- -- --- --- --- -- -- -- -- -- --- --- --- -- -- -- -- -- --- │
│                          ││ 06   --- -- -- -- -- -- --- --- --- -- -- -- -- -- --- --- --- -- -- -- -- -- --- --- --- -- -- -- -- -- --- │
│                          ││ 07   --- -- -- -- -- -- --- --- --- -- -- -- -- -- --- --- --- -- -- -- -- -- --- --- --- -- -- -- -- -- --- │
│                          ││ 08   --- -- -- -- -- -- --- --- --- -- -- -- -- -- --- --- --- -- -- -- -- -- --- --- --- -- -- -- -- -- --- │
│                          ││ 09   --- -- -- -- -- -- --- --- --- -- -- -- -- -- --- --- --- -- -- -- -- -- --- --- --- -- -- -- -- -- --- │
│                          ││ 10   --- -- -- -- -- -- --- --- --- -- -- -- -- -- --- --- --- -- -- -- -- -- --- --- --- -- -- -- -- -- --- │
│                          ││ 11   --- -- -- -- -- -- --- --- --- -- -- -- -- -- --- --- --- -- -- -- -- -- --- --- --- -- -- -- -- -- --- │
│                          ││ 12   --- -- -- -- -- -- --- --- --- -- -- -- -- -- --- --- --- -- -- -- -- -- --- --- --- -- -- -- -- -- --- │
└──────────────────────────┘│ 13   --- -- -- -- -- -- --- --- --- -- -- -- -- -- --- --- --- -- -- -- -- -- --- --- --- -- -- -- -- -- --- │
┌ Song Slots ──────────────┐│ 14   --- -- -- -- -- -- --- --- --- -- -- -- -- -- --- --- --- -- -- -- -- -- --- --- --- -- -- -- -- -- --- │
│  00 P01 Pattern 01       │└──────────────────────────────────────────────────────────────────────────────────────────────────────────────┘
│                          │┌ Track Desk ──────────────────────────────────────────────────────────────────────────────────────────────────┐
│                          ││TRACK 01                           MIXER                                 CELL r00 NOTE                        │
│                          ││Name   Drums                       Gain    +0.0 dB █████───── auto       Note --- Vel -- Inst --              │
│                          ││Inst   none                        Pan           C ─────●──── auto       Vol -- Pan -- Dly -- FX1 --- FX2 --- │
│                          ││Samp none                          Mst     +0.0 dB █████───── auto       :sample assign                       │
│                          ││CH10 Track --R                     Sends 00   FX 00                      :cell instrument 01                  │
│                          ││Audio --                           :mixer gain pan                       C-j Sampler  F9 Tracks               │
│                          ││Mst     +0.0 dB █████───── auto    :dsp track clear                                                           │
│                          ││                                                                                                              │
└──────────────────────────┘└──────────────────────────────────────────────────────────────────────────────────────────────────────────────┘
 NORMAL | Step 1 | Ctrl+P Palette | H Help | Focus :t/:p/:se/:tr/:sa/:sb/:o | F4-MIDI | Space Play/Stop | Enter Row | Shift+Enter Seq | L Lo
