┌ Salieri Tracker ─────────────────────────────────────────────────────────────────────────────────┐
│ BPM 120 | LPB 4 | Pattern 01 | Oct 4 | Row 00 | Play -- | Loop ON | Track 01 | Field NOTE | SAMPL│
└──────────────────────────────────────────────────────────────────────────────────────────────────┘
┌ Sample Metadata ─────────────────────────────────────────────────────────────────────────────────┐
│Name: break.wav                                                                                   │
│Path: /samples/drums/break.wav                                                                    │
│Instrument: Break                                                                                 │
│Assigned: Drums                                                                                   │
│Sample rate: 44100 Hz                                                                             │
│Channels: 2                                                                                       │
│Frames: 88200                                                                                     │
│Duration: 2.000 s                                                                                 │
│Gain    -1.4 dB ████────── auto                                                                   │
│Window: 10..1000                                                                                  │
│Loop: loop 100..900                                                                               │
│Envelope: [A 0.010s]   D 0.050s    S 0.750    R 0.100s                                            │
└──────────────────────────────────────────────────────────────────────────────────────────────────┘
┌ Waveform ────────────────────────────────────────────────────────────────────────────────────────┐
│88200fr 2.000s 44100Hz 2ch | view 0.0ms-2.000s zoom 1x                                            │
│|0.0ms                                        |1.000s                                      2.000s|│
│▄▄▄▄▄▄▄▄▄▄▄▄▄▄▄▄▄▄▄▄▄▄▄▄▄                                                 ▄▄▄▄▄▄▄▄▄▄▄▄▄▄▄▄▄▄▄▄▄▄▄▄│
│█████████████████████████████████████████████████                         ████████████████████████│
│██████████████████████████████████████████████████████████████████████████████████████████████████│
│██████████████████████████████████████████████████████████████████████████████████████████████████│
│                         ▀▀▀▀▀▀▀▀▀▀▀▀▀▀▀▀▀▀▀▀▀▀▀▀█████████████████████████▀▀▀▀▀▀▀▀▀▀▀▀▀▀▀▀▀▀▀▀▀▀▀▀│
│                                                 ▀▀▀▀▀▀▀▀▀▀▀▀▀▀▀▀▀▀▀▀▀▀▀▀▀                        │
└──────────────────────────────────────────────────────────────────────────────────────────────────┘
 SAMPLER | H Help | Esc Pattern | Tab ADSR | [/]/{/} Adjust | +/- Zoom | Left/Right Pan | b Browse |
