┌ Salieri Tracker ─────────────────────────────────────────────────────────────────────────────────┐
│ BPM 120 | LPB 4 | Pattern 01 | Oct 4 | Row 00 | Play -- | Loop ON | Track 01 | Field NOTE | SAMPL│
└──────────────────────────────────────────────────────────────────────────────────────────────────┘
┌ Sample Metadata ─────────────────────────────────────────────────────────────────────────────────┐
│Name: break.wav                                                                                   │
│Path: /samples/drums/break.wav                                                                    │
│Sample rate: 44100 Hz                                                                             │
│Channels: 2                                                                                       │
│Frames: 88200                                                                                     │
│Duration: 2.000 s                                                                                 │
└──────────────────────────────────────────────────────────────────────────────────────────────────┘
┌ Waveform ────────────────────────────────────────────────────────────────────────────────────────┐
│88200fr 2.00s 44100Hz 2ch                                                                         │
│                                                                                                  │
│█████████████████████████                                                 ████████████████████████│
│█████████████████████████████████████████████████                         ████████████████████████│
│█████████████████████████████████████████████████                         ████████████████████████│
│██████████████████████████████████████████████████████████████████████████████████████████████████│
│██████████████████████████████████████████████████████████████████████████████████████████████████│
│██████████████████████████████████████████████████████████████████████████████████████████████████│
│██████████████████████████████████████████████████████████████████████████████████████████████████│
│                         █████████████████████████████████████████████████████████████████████████│
│                                                 █████████████████████████████████████████████████│
│                                                 █████████████████████████                        │
│                                                 █████████████████████████                        │
│                                                                                                  │
└──────────────────────────────────────────────────────────────────────────────────────────────────┘
 SAMPLER | H Help | Esc Pattern | F7 Sequence | F9 Tracks | F10 Patterns | : Command | Ctrl+S Save |
