┌ Salieri Tracker ─────────────────────────────────────────────────────┐
│ BPM 120 | LPB 4 | Pattern 01 | Oct 4 | Row 00 | Play -- | Loop ON | T│
└──────────────────────────────────────────────────────────────────────┘
┌ Sequence Editor ─────────────────────────────────────────────────────┐
│POS  PATTERN                                                          │
│>00  Pattern 01               id 1                                    │
│                                                                      │
│A add current pattern   R remove   Y duplicate   T set current        │
│</> move position   Enter play from position   Esc pattern view       │
│                                                                      │
│                                                                      │
│                                                                      │
│                                                                      │
│                                                                      │
│                                                                      │
│                                                                      │
│                                                                      │
│                                                                      │
│                                                                      │
│                                                                      │
│                                                                      │
│                                                                      │
└──────────────────────────────────────────────────────────────────────┘
 SEQUENCE | H Help | Esc Pattern | A Add | R Remove | Y Duplicate | T Se
