┌ Salieri Tracker ─────────────────────────────────────────────────────┐
│ [▷] [■] [●×] BPM:120 LPB:4 STOPPED PAT:01 ROW:0000/0000              │
└──────────────────────────────────────────────────────────────────────┘
┌ Track Mixer ─────────────────────────────────────────────────────────┐
│Track Mixer 1/1 | master +0.0dB | tracks 01-04/4                      │
│Drums     Bass      Lead      Pad                                     │
││ │       │ │       │ │       │ │                                     │
││ │       │ │       │ │       │ │                                     │
│███       │ │       ███       ███                                     │
│███       │ │       ███       ███                                     │
│███       ███       ███       ███                                     │
│+0.0dB    -6.0dB    +0.0dB    +0.0dB                                  │
│--  +0    -- -25    --  +0    --  +0                                  │
│                                                                      │
└──────────────────────────────────────────────────────────────────────┘
┌ Instruments ─────────────────────────────────────────────────────────┐
│TRK  NAME          INST          SAMPLE        CH  FLAGS   GAIN  PAN  │
│01  Drums        none          none         CH10 --R-   +0.0dB +0.00  │
│>02  Bass         bass.wav      bass.wav     CH01 ----   -6.0dB -0.25 │
│03  Lead         none          none         CH02 ----   +0.0dB +0.00  │
│04  Pad          none          none         CH03 ----   +0.0dB +0.00  │
│                                                                      │
└──────────────────────────────────────────────────────────────────────┘
 TRACKS | H Help | Esc Pattern | N New | D Duplicate | r Rename
