┌ Salieri Tracker ─────────────────────────────────────────────────────┐
│ BPM 120 | LPB 4 | Pattern 01 | Oct 4 | Row 00 | Play -- | Loop ON | T│
└──────────────────────────────────────────────────────────────────────┘
┌ Track Editor ────────────────────────────────────────────────────────┐
│TRK  NAME          CH  M  S  ARM  GAIN  PAN   AM AS                   │
│01  Drums        CH10  -  -  Y   1.00 +0.00  -  -                     │
│>02  Bass         CH01  -  -  -   1.00 +0.00  -  -                    │
│03  Lead         CH02  -  -  -   1.00 +0.00  -  -                     │
│04  Pad          CH03  -  -  -   1.00 +0.00  -  -                     │
│                                                                      │
│N new   D duplicate   r rename   c channel   Delete remove            │
│{/} reorder   M mute   S solo   :mixer gain|pan|mute|solo   Esc       │
│pattern view                                                          │
│                                                                      │
│                                                                      │
│                                                                      │
│                                                                      │
│                                                                      │
│                                                                      │
│                                                                      │
│                                                                      │
│                                                                      │
└──────────────────────────────────────────────────────────────────────┘
 TRACKS | H Help | Esc Pattern | N New | D Duplicate | r Rename | c Chan
