┌ Salieri Tracker ─────────────────────────────────────────────────────┐
│ [▶] [■] [●]  BPM: 120  LPB: 4  Oct: 4  Vel: 100  Swing: 0%  Sync: Int│
└──────────────────────────────────────────────────────────────────────┘
┌ Pattern Editor ──────────────────────────────────────────────────────┐
│ROW            Track 10                    Track 11                   │
│ 4079 --- -- -- -- -- -- --- ---  --- -- -- -- -- -- --- ---  --- -- -│
│ 4080 --- -- -- -- -- -- --- ---  --- -- -- -- -- -- --- ---  --- -- -│
│ 4081 --- -- -- -- -- -- --- ---  --- -- -- -- -- -- --- ---  --- -- -│
│ 4082 --- -- -- -- -- -- --- ---  --- -- -- -- -- -- --- ---  --- -- -│
│ 4083 --- -- -- -- -- -- --- ---  --- -- -- -- -- -- --- ---  --- -- -│
│ 4084 --- -- -- -- -- -- --- ---  --- -- -- -- -- -- --- ---  --- -- -│
│ 4085 --- -- -- -- -- -- --- ---  --- -- -- -- -- -- --- ---  --- -- -│
│ 4086 --- -- -- -- -- -- --- ---  --- -- -- -- -- -- --- ---  --- -- -│
│ 4087 --- -- -- -- -- -- --- ---  --- -- -- -- -- -- --- ---  --- -- -│
│ 4088 --- -- -- -- -- -- --- ---  --- -- -- -- -- -- --- ---  --- -- -│
│ 4089 --- -- -- -- -- -- --- ---  --- -- -- -- -- -- --- ---  --- -- -│
│ 4090 --- -- -- -- -- -- --- ---  --- -- -- -- -- -- --- ---  --- -- -│
│ 4091 --- -- -- -- -- -- --- ---  --- -- -- -- -- -- --- ---  --- -- -│
│ 4092 --- -- -- -- -- -- --- ---  --- -- -- -- -- -- --- ---  --- -- -│
│ 4093 --- -- -- -- -- -- --- ---  --- -- -- -- -- -- --- ---  --- -- -│
│>4094 --- -- -- -- -- -- --- ---  C-5 7F -- -- -- -- --- ---  --- -- -│
│ 4095 --- -- -- -- -- -- --- ---  --- -- -- -- -- -- --- ---  --- -- -│
└──────────────────────────────────────────────────────────────────────┘
 NORMAL SEL | Step 1 | Ctrl+P Palette | H Help | Focus :t/:p/:se/:tr/:sa
