┌ Salieri Tracker ─────────────────────────────────────────────────────┐
│ BPM 120 | LPB 4 | Pattern 01 | Oct 4 | Row 4095 | Play 4094 | Loop ON│
└──────────────────────────────────────────────────────────────────────┘
┌ Pattern Editor ──────────────────────────────────────────────────────┐
│ROW        Track 09             Track 10             Track 11         │
│ 4079 --- -- -- -- -- -- --- --- -- -- -- -- -- --- --- -- -- -- -- --│
│ 4080 --- -- -- -- -- -- --- --- -- -- -- -- -- --- --- -- -- -- -- --│
│ 4081 --- -- -- -- -- -- --- --- -- -- -- -- -- --- --- -- -- -- -- --│
│ 4082 --- -- -- -- -- -- --- --- -- -- -- -- -- --- --- -- -- -- -- --│
│ 4083 --- -- -- -- -- -- --- --- -- -- -- -- -- --- --- -- -- -- -- --│
│ 4084 --- -- -- -- -- -- --- --- -- -- -- -- -- --- --- -- -- -- -- --│
│ 4085 --- -- -- -- -- -- --- --- -- -- -- -- -- --- --- -- -- -- -- --│
│ 4086 --- -- -- -- -- -- --- --- -- -- -- -- -- --- --- -- -- -- -- --│
│ 4087 --- -- -- -- -- -- --- --- -- -- -- -- -- --- --- -- -- -- -- --│
│ 4088 --- -- -- -- -- -- --- --- -- -- -- -- -- --- --- -- -- -- -- --│
│ 4089 --- -- -- -- -- -- --- --- -- -- -- -- -- --- --- -- -- -- -- --│
│ 4090 --- -- -- -- -- -- --- --- -- -- -- -- -- --- --- -- -- -- -- --│
│ 4091 --- -- -- -- -- -- --- --- -- -- -- -- -- --- --- -- -- -- -- --│
│ 4092 --- -- -- -- -- -- --- --- -- -- -- -- -- --- --- -- -- -- -- --│
│ 4093 --- -- -- -- -- -- --- --- -- -- -- -- -- --- --- -- -- -- -- --│
│>4094 --- -- -- -- -- -- --- --- -- -- -- -- -- --- C-5 7F -- -- -- --│
│ 4095 --- -- -- -- -- -- --- --- -- -- -- -- -- --- --- -- -- -- -- --│
└──────────────────────────────────────────────────────────────────────┘
 NORMAL SEL | Ctrl+P Palette | H Help | Focus :t/:p/:se/:tr/:sa/:sb/:o |
