┌ Waveform ──────────────────────────────┐
│88200fr 2.000s | 0.0ms-2.000s z1x       │
│|0.0ms           |1.000s         2.000s|│
│▄▄▄▄▄▄▄▄▄▄                              │
│████████████████████                    │
│████████████████████████████████████████│
│▀▀▀▀▀▀▀▀▀▀▀▀▀▀▀▀▀▀▀▀████████████████████│
│                              ▀▀▀▀▀▀▀▀▀▀│
│                                        │
└────────────────────────────────────────┘
