┌ Waveform ──────────────────────────────┐
│0fr 0.00s 44100Hz 1ch                   │
│No waveform                             │
│                                        │
│                                        │
│                                        │
│                                        │
│                                        │
│                                        │
└────────────────────────────────────────┘
