┌ Waveform ──────────────────────────────┐
│0fr 0.0ms | 0.0ms-0.0ms z1x             │
│|0.0ms           |0.0ms           0.0ms|│
│No waveform                             │
│                                        │
│                                        │
│                                        │
│                                        │
│                                        │
└────────────────────────────────────────┘
