┌ trk ─────────────────────────────────────────────────────────────────────────────────────────────┐
│ [▷] [■] [●×] BPM:120 LPB:4 STOPPED PAT:01 ROW:0000/0000  Sync: Internal                          │
└──────────────────────────────────────────────────────────────────────────────────────────────────┘
┌ Tracks ────╔ DSP Calibration · Live ════════════════════════════════════════════════╗────────────┐
│> 01 Drums  ║  Selected track: Lead Synth                                            ║            │
│  02 Bass   ║                                                                        ║--  --- -- -│
│  03 Lead   ║   Master    [██████░░░░░░░░░░░░░░]  1.20x                              ║--  --- -- -│
│  04 Pad    ║   Track     [████░░░░░░░░░░░░░░░░]  0.80x                              ║--  --- -- -│
│            ║   Low       [█████░░░░░░░░░░░░░░░]  1.10x                              ║--  --- -- -│
│            ║   Mid       [████░░░░░░░░░░░░░░░░]  0.90x                              ║--  --- -- -│
│            ║>  High      [███████░░░░░░░░░░░░░]  1.40x                              ║--  --- -- -│
│            ║   Gate      [███░░░░░░░░░░░░░░░░░]   0.08                              ║--  --- -- -│
│            ║   Decay     [███████░░░░░░░░░░░░░]   0.35                              ║--  --- -- -│
│            ║   Auto gain  [         ON         ]                                    ║--  --- -- -│
│            ║                                                                        ║--  --- -- -│
│            ║  LOW   ████████░░░░░░░░░░░░░░░░░░░░░░░░  25%                           ║--  --- -- -│
└────────────║  MID   ████████████████░░░░░░░░░░░░░░░░  50%                           ║────────────┘
┌ Song Slots ║  HIGH  ████████████████████████░░░░░░░░  75%                           ║────────────┐
│  00 P01 Pat║  RMS   █████████████░░░░░░░░░░░░░░░░░░░  42%                           ║E           │
│            ║  PEAK  ████████████████████████████░░░░  88%                           ║ -- Inst -- │
│            ║                                                                        ║- Dly -- FX1│
│            ║  ↑/↓ select  ←/→ adjust  r reset  t/Esc close                          ║            │
│            ║                                                                        ║gn          │
│            ║                                                                        ║ment 01     │
│            ╚════════════════════════════════════════════════════════════════════════╝ F9 Tracks  │
│                          ││█████───── auto       Sends 00   FX 00                                │
└──────────────────────────┘└──────────────────────────────────────────────────────────────────────┘
 NORMAL | Step 1 | Ctrl+P Palette | H Help | Space Play/Stop | b Web | v History | Enter Row········
