┌ trk ─────────────────────────────────────────────────┐
│ [▷] [■] [●×]                                         │
└──────────────────────────────────────────────────────┘
┌ Pattern Editor ──────────────────────────────────────┐
│ROW  TrackTrackTrackTrackTrackTrackTrackTrackTrackTrac│
│ 00   ---  ---  ---  ---  ---  ---  ---  ---  ---  ---│
│ 01   ---  ---  ---  ---  ---  ---  ---  ---  ---  ---│
│ 02   ---  ---  ---  ---  ---  ---  ---  ---  ---  ---│
│ 03   ---  ---  ---  ---  ---  ---  ---  ---  ---  ---│
│ 04   ---  ---  ---  G-4  ---  ---  ---  ---  ---  ---│
│ 05   ---  ---  ---  ---  ---  ---  ---  ---  ---  ---│
│ 06   ---  ---  ---  ---  ---  ---  ---  ---  ---  ---│
│ 07   ---  ---  ---  ---  ---  ---  ---  ---  ---  ---│
│ 08   ---  ---  ---  ---  ---  ---  ---  ---  ---  ---│
│ 09   ---  ---  ---  ---  ---  ---  ---  ---  ---  ---│
│ 10   ---  ---  ---  ---  ---  ---  ---  ---  ---  ---│
└──────────────────────────────────────────────────────┘
 NORMAL | Step 1 | Ctrl+P Palette | H Help··············
