┌ trk ─────────────────────────────────────────────────────────────────────────────────────────────────────────────────┐
│ [▷] [■] [●×] BPM:120 LPB:4 STOPPED PAT:01 ROW:0000/0000  Sync: Internal                                              │
└──────────────────────────────────────────────────────────────────────────────────────────────────────────────────────┘
┌─────┌ Help: Basics ────────────────────────────────────────────────────────────────────────────────────────────┐─────┐
│-18dB│ Basics  |  Editing  |  Sampler  |  MIDI  |  Commands                                            [ Close ]│     │
│-36dB│ Tab/Right next page   Shift+Tab/Left previous page   Up/Down scroll                                      │7 8  │
└─────│Global                                                                                                    │─────┘
┌ UTIL│  Ctrl+P Command Palette   ?/H Help   :h/:help Help   q Quit   Space Play/Stop                            │─────┐
│UTIL │  Shift+Space Start                                                                                       │     │
│     │  Enter Play Row   Shift+Enter Play Sequence From Cursor   L Loop   F8 Stop                               │     │
│BPM  │  b Web Companion   e External Editor                                                                     │     │
│LPB  │  1-6/F1-F6 Parameter Pages   repeat page for deep editor                                                 │     │
│OCT  │  Normal: Shift+S Temp Save   Shift+R Reload next beat   Shift+1..8 Mute                                  │     │
│--   │  F7 Sequence View   F9 Track View   F10 Pattern View   Ctrl+J Sampler View                               │     │
│     │  :t Tracker   :p Patterns   :se Sequence   :tr Tracks   :sa Sampler   :web Companion                     │     │
│Follo│  Esc returns from focused views                                                                          │     │
│  Pat│  :play pattern from start   :play sequence arrangement                                                   │     │
│Scrol│  Ctrl+S Save   Ctrl+Shift+S Save As   Ctrl+Z Undo   Ctrl+Y Redo   Ctrl+Arrows BPM/LPB                    │     │
│  Pag│                                                                                                          │     │
│     │Navigation                                                                                                │     │
│Edit │  Arrows or h/j/k/l move   Tab/Shift+Tab track   PageUp/PageDown jump                                     │     │
│     │  Home/End pattern bounds   gg first row   G last row                                                     │     │
│     │                                                                                                          │     │
│     │Mode: HELP   Close: Esc, q, or ?                                                                          │     │
│     │                                                                                                          │     │
│     │                                                                                                          │     │
│     │                                                                                                          │     │
└─────│                                                                                                          │─────┘
┌ Effe│                                                                                                          │─────┐
│#  Ef│                                                                                                          │     │
│01 --│                                                                                                          │     │
│02 --│                                                                                                          │     │
│03 --└──────────────────────────────────────────────────────────────────────────────────────────────────────────┘     │
│04 --                      ││Width    ██████────── +1.00    ││-48      -3.4 dB  -3.1││05 --                           │
└───────────────────────────┘└───────────────────────────────┘└──────────────────────┘└────────────────────────────────┘
 HELP | Step 1 | Ctrl+P Palette | H Help | Space Play/Stop | b Web | v History | Enter Row | Shift+Enter Seq | L Loop···
