┌ trk ─────────────────────────────────────────────────────────────────────────────────────────────┐
│ [▷] [■] [●×] BPM:120 LPB:4 STOPPED PAT:01 ROW:0006/0004  Sync: Internal                          │
└──────────────────────────────────────────────────────────────────────────────────────────────────┘
┌ Piano Roll · Track 01 · 16 rows · ghosts on ─────────────────────────────────────────────────────┐
│ A#4                               │                                                              │
│ A-4                               │                                                              │
│ G#4                               │                                                              │
│ G-4                               │                                                              │
│ F#4                               │                                                              │
│ F-4                               │                                                              │
│ E-4                               ·    ·    ·    ·    ·    ·    ·    ·    ·    ·                 │
│ D#4                               │                                                              │
│ D-4                               │                                                              │
│ C#4                               │                                                              │
│ C-4                     ◆    ━    ━    ━                                                         │
│ B-3                               │                                                              │
│ A#3                               │                                                              │
│ A-3                               │                                                              │
│ G#3                               │                                                              │
│ G-3                               │                                                              │
│ F#3                               │                                                              │
│ F-3                               │                                                              │
│ E-3                               │                                                              │
│ D#3                               │                                                              │
│ D-3                               │                                                              │
│ C#3                               │                                                              │
└──────────────────────────────────────────────────────────────────────────────────────────────────┘
 ROLL | Esc Tracker | Arrows Cursor | Space Note | Shift+Left/Right Gate | Alt+Arrows Move··········
