┌ trk ─────────────────────────────────────────────────────────────────────────────────────────────┐
│ [▷] [■] [●×] BPM:120 LPB:4 STOPPED PAT:01 ROW:0000/0000  Sync: Internal                          │
└──────────────────────────────────────────────────────────────────────────────────────────────────┘
┌ Sample Metadata ─────────────────────────────────────────────────────────────────────────────────┐
│Name: break.wav                                                                                   │
│Path: /samples/drums/break.wav                                                                    │
│Instrument: Break                                                                                 │
│Assigned: Drums                                                                                   │
│Format: 44100 Hz · 2 ch                                                                           │
│Length: 88200 frames · 2.000 s                                                                    │
│Gain    -1.4 dB ████────── auto                                                                   │
│Window: 10..1000                                                                                  │
│Loop: loop 100..900                                                                               │
└──────────────────────────────────────────────────────────────────────────────────────────────────┘
┌ Controls ────────────────────────────────────────────────────────────────────────────────────────┐
│Envelope [A 0.010 s] [D 0.050 s] [S 75%] [R 0.100 s]                                              │
│Adjust [-] [+]  Zoom [-] [+]  Pan [<] [>]  [Browse]                                               │
└──────────────────────────────────────────────────────────────────────────────────────────────────┘
┌ Waveform ────────────────────────────────────────────────────────────────────────────────────────┐
│88200fr 2.000s 44100Hz 2ch | view 0.0ms-2.000s zoom 1x                                            │
│|0.0ms                                        |1.000s                                      2.000s|│
│▄▄▄▄▄▄▄▄▄▄▄▄▄▄▄▄▄▄▄▄▄▄▄▄▄                                                 ████████████████████████│
│█████████████████████████████████████████████████▄▄▄▄▄▄▄▄▄▄▄▄▄▄▄▄▄▄▄▄▄▄▄▄▄████████████████████████│
│██████████████████████████████████████████████████████████████████████████████████████████████████│
│                         ▀▀▀▀▀▀▀▀▀▀▀▀▀▀▀▀▀▀▀▀▀▀▀▀█████████████████████████████████████████████████│
│                                                 ▀▀▀▀▀▀▀▀▀▀▀▀▀▀▀▀▀▀▀▀▀▀▀▀▀                        │
└──────────────────────────────────────────────────────────────────────────────────────────────────┘
 SAMPLER | H Help | Esc Pattern | Tab ADSR | [/]/{/} Adjust | +/- Zoom | Left/Right Pan | b Browse··
