┌ trk ─────────────────────────────────────────────────────────────────────────────────────────────────────────────────────────────────────┐
│ [▷] [■] [●×] BPM:120 LPB:4 Oct:4 V:100 Sw:0% Syn:Int CPU0% STOPPED PAT:01 ROW:0000/0000 MIDI Disconnected ORD:00 LOOP:ON TRK:01 FLD:NOTE │
└──────────────────────────────────────────────────────────────────────────────────────────────────────────────────────────────────────────┘
┌──────────────────────────────────────────────────────────────────────────────────────────────────────────────────────────────────────────┐
│ Edit×  Mix×  Sampler  Plugin×  MIDI×                                                                                                     │
└──────────────────────────────────────────────────────────────────────────────────────────────────────────────────────────────────────────┘
┌ Samples ─────────────────┐┌ Samples  ■  choired_B ─────────────────────────────────────────────────┐┌ Instrument Properties ─────────────┐
│SAMPLES                   ││Record×  choired_B [44100Hz 2ch 2.00s]                                  ││ Songs×  Instr.×  Samples  Other×   │
│> choired_B               ││View 0..4  Zoom 1x                                                      ││                                    │
│                          ││00     10     20     30     40     50     60     70     80              ││Name      choired_B                 │
│SAMPLE PREVIEW            ││L ▆▆▆▆▆▆▆▆▆▆▆▆▆▆▆▆▆▆▅▅▅▅▅▅▅▅▅▅▅▅▅▅▅▅▅▆▆▆▆▆▆▆▆▆▆▆▆▆▆▆▆▆▆▇▇▇▇▇▇▇▇▇▇▇▇▇▇▇▇▇││Path      ~/Music/DemoSong/Samples/c│
│▁▃▅▇▆▄▂▃▅▇▆▄▂▁            ││  ▆▆▆▆▆▆▆▆▆▆▆▆▆▆▆▆▆▆▅▅▅▅▅▅▅▅▅▅▅▅▅▅▅▅▅▆▆▆▆▆▆▆▆▆▆▆▆▆▆▆▆▆▆▇▇▇▇▇▇▇▇▇▇▇▇▇▇▇▇▇││Format    Renoise Song              │
│▁▃▅▇▆▄▂▃▅▇▆▄▂▁            ││────────────────────────────────────────────────────────                ││Time Base Beats                     │
│                          ││R ▆▆▆▆▆▆▆▆▆▆▆▆▆▆▆▆▆▆▅▅▅▅▅▅▅▅▅▅▅▅▅▅▅▅▅▆▆▆▆▆▆▆▆▆▆▆▆▆▆▆▆▆▆▇▇▇▇▇▇▇▇▇▇▇▇▇▇▇▇▇││Speed     6x                        │
│PLAYBACK                  ││  ▆▆▆▆▆▆▆▆▆▆▆▆▆▆▆▆▆▆▅▅▅▅▅▅▅▅▅▅▅▅▅▅▅▅▅▆▆▆▆▆▆▆▆▆▆▆▆▆▆▆▆▆▆▇▇▇▇▇▇▇▇▇▇▇▇▇▇▇▇▇││                                    │
│Mode      one-shot        ││Undo× | Normalize× | Slice× | FFT× | Loop× | Preview×                   ││SAMPLE PROPERTIES                   │
│Gain      1.00            ││                                                                        ││Volume    1.00 dB                   │
│                          ││                                                                        ││Panning   Center                    │
│                          ││                                                                        ││Transpose 0 st                      │
│                          ││                                                                        ││BeatSync  16                        │
│                          ││                                                                        ││InstrumentDemoSong                  │
│                          ││                                                                        ││Track     Track 01                  │
│                          ││                                                                        ││Loop      -                         │
│                          ││                                                                        ││Window    -                         │
│                          ││                                                                        ││                                    │
│                          ││                                                                        ││BROWSER (read-only)                 │
│                          ││                                                                        ││~/Music/DemoSong/                   │
│                          ││                                                                        ││> choired_B.flac                    │
│                          ││                                                                        ││                                    │
│                          ││                                                                        ││                                    │
│                          │└────────────────────────────────────────────────────────────────────────┘│                                    │
│                          │┌ Controls ──────────────────────────────────────────────────────────────┐│                                    │
│                          ││Envelope [A 0.010 s] [D 0.050 s] [S 75%] [R 0.100 s]                    ││                                    │
│                          ││Adjust [-] [+]  Zoom [-] [+]  Pan [<] [>]  [Browse]                     ││                                    │
└──────────────────────────┘└────────────────────────────────────────────────────────────────────────┘└────────────────────────────────────┘
 SAMPLER | H Help | Esc Pattern | Tab ADSR | [/]/{/} Adjust | +/- Zoom | Left/Right Pan | b Browse | F7 Sequence | F9 Tracks | F10 Patterns·
