Pattern         | NORMAL | Step 1 | Ctrl+P Palette | H Help | Space Play/Stop | b Web | v History | Enter Row
Sequence        | SEQUENCE | H Help | Esc Pattern | A Add | R Remove | Y Duplicate | T Set Pattern | </> Move
Clips           | CLIPS | H Help | Esc Pattern | Arrows Select | Enter Queue | Space Launch | F8 Stop | A Add Scene
Tracks          | TRACKS | H Help | Esc Pattern | N New | D Duplicate | r Rename | c Channel | Del Delete | {/} Move
Patterns        | PATTERNS | H Help | Esc Pattern | N New | P Duplicate | r Rename | X/Del Delete
Sampler         | SAMPLER | H Help | Esc Pattern | Tab ADSR | [/]/{/} Adjust | +/- Zoom | Left/Right Pan | b Browse
DSP Rack        | DSP RACK | H Help | Esc Pattern | Tab Track/Master | Up/Down Device | [/]/Left/Right Param | A Add
Sample Browser  | SAMPLE BROWSER | H Help | Esc Sampler | Up/Down Select | A Assign | Right-click Assign
Project Browser | PROJECT BROWSER | H Help | Esc Tracker | Up/Down Select | Enter Open | Backspace Parent | r Refresh
AI Chat         | AI CHAT | m Engines | Enter Submit | a Apply | r Reject | p Preview | Ctrl+C Cancel Task
Command input   | :write demo.trk
Notification    | OK Project saved
